Microchip MPLAB XC8 Compiler V1.34 ()

Linker command line:

--edf=C:\Program Files (x86)\Microchip\xc8\v1.34\dat\en_msgs.txt -cs \
  -h+dist/xc8_pic16f1704/production\PIC_IR_to_RF_MICRF113_test.production.sym \
  --cmf=dist/xc8_pic16f1704/production\PIC_IR_to_RF_MICRF113_test.production.cmf \
  -z -Q16F1704 -oC:\Users\DWHITF~1\AppData\Local\Temp\s7u8.6 \
  -Mdist/xc8_pic16f1704/production/PIC_IR_to_RF_MICRF113_test.production.map \
  -E1 -ver=XC8 -ASTACK=02066h-0215fh -pstack=STACK -ACODE=00h-07FFhx2 \
  -ASTRCODE=00h-0FFFh -ASTRING=00h-0FFhx16 -ACONST=00h-0FFhx16 \
  -AENTRY=00h-0FFhx16 -ACOMMON=070h-07Fh -ABANK0=020h-06Fh \
  -ABANK1=0A0h-0EFh -ABANK2=0120h-016Fh -ABANK3=01A0h-01EFh \
  -ABANK4=0220h-026Fh -ABANK5=02A0h-02EFh -ABANK6=0320h-032Fh \
  -ABIGRAM=02000h-021EFh \
  -ARAM=020h-06Fh,0A0h-0EFh,0120h-016Fh,01A0h-01EFh,0220h-026Fh,02A0h-02EFh,0320h-032Fh \
  -AABS1=020h-07Fh,0A0h-0EFh,0120h-016Fh,01A0h-01EFh,0220h-026Fh,02A0h-02EFh,0320h-032Fh \
  -ASFR0=00h-01Fh -ASFR1=080h-09Fh -ASFR2=0100h-011Fh -ASFR3=0180h-019Fh \
  -ASFR4=0200h-021Fh -ASFR5=0280h-029Fh -ASFR6=0300h-031Fh \
  -ASFR7=0380h-03EFh -ASFR8=0400h-046Fh -ASFR9=0480h-04EFh \
  -ASFR10=0500h-056Fh -ASFR11=0580h-05EFh -ASFR12=0600h-066Fh \
  -ASFR13=0680h-06EFh -ASFR14=0700h-076Fh -ASFR15=0780h-07EFh \
  -ASFR16=0800h-086Fh -ASFR17=0880h-08EFh -ASFR18=0900h-096Fh \
  -ASFR19=0980h-09EFh -ASFR20=0A00h-0A6Fh -ASFR21=0A80h-0AEFh \
  -ASFR22=0B00h-0B6Fh -ASFR23=0B80h-0BEFh -ASFR24=0C00h-0C6Fh \
  -ASFR25=0C80h-0CEFh -ASFR26=0D00h-0D6Fh -ASFR27=0D80h-0DEFh \
  -ASFR28=0E00h-0E6Fh -ASFR29=0E80h-0EEFh -ASFR30=0F00h-0F6Fh \
  -ASFR31=0F80h-0FEFh -preset_vec=00h,intentry=04h,init,end_init \
  -ppowerup=CODE -pcinit=CODE -pfunctab=CODE -ACONFIG=08007h-08008h \
  -pconfig=CONFIG -DCONFIG=2 -AIDLOC=08000h-08003h -pidloc=IDLOC -DIDLOC=2 \
  -DCODE=2 -DSTRCODE=2 -DSTRING=2 -DCONST=2 -DENTRY=2 -k \
  C:\Users\DWHITF~1\AppData\Local\Temp\s7u8.obj \
  dist/xc8_pic16f1704/production\PIC_IR_to_RF_MICRF113_test.production.obj 

Object code version is 3.11

Machine type is 16F1704



                Name                               Link     Load   Length Selector   Space Scale
C:\Users\DWHITF~1\AppData\Local\Temp\s7u8.obj
                end_init                            1F1      1F1        2        8       0
                reset_vec                             0        0        2        0       0
                config                             8007     8007        2    1000E       0
dist/xc8_pic16f1704/production\PIC_IR_to_RF_MICRF113_test.production.obj
                cinit                               1F3      1F3       39        8       0
                intentry                              4        4      1ED        8       0
                text32                              22C      22C      26E        8       0
                text31                              74D      74D        5      E12       0
                text30                              76E      76E        3      E12       0
                text29                              748      748        5      E12       0
                text28                              76B      76B        3      E12       0
                text27                              75E      75E        4      E12       0
                text26                              768      768        3      E12       0
                text25                              738      738        6      E12       0
                text24                              725      725        7      E12       0
                text23                              71E      71E        7      E12       0
                text21                              63C      63C        D        8       0
                text20                              62A      62A       12        8       0
                text19                              743      743        5      E12       0
                text18                              57B      57B       4B        8       0
                text17                              732      732        6      E12       0
                text16                              717      717        7      E12       0
                text15                              73E      73E        5      E12       0
                text14                              765      765        3      E12       0
                text13                              52E      52E       4D        8       0
                text12                              5C6      5C6       3E        8       0
                text11                              75A      75A        4      E12       0
                text10                              756      756        4      E12       0
                text9                               762      762        3      E12       0
                text8                               618      618       12        8       0
                text7                               710      710        7      E12       0
                text6                               72C      72C        6      E12       0
                text5                               604      604       14        8       0
                text4                               709      709        7      E12       0
                text3                               685      685        C        8       0
                text2                               679      679        C        8       0
                text1                               66D      66D        C        8       0
                maintext                            49A      49A       94        8       0
                cstackBANK0                          45       45       16       20       1
                cstackCOMMON                         70       70        9       70       1
                cstackBANK1                          AC       AC        A       A0       1
                inittext                            661      661        C        8       0
                clrtext                             655      655        C        8       0
                dataBANK1                            A0       A0        C       A0       1
                dataBANK0                            5B       5B        4       20       1
                bssBANK0                             20       20       25       20       1
                bssCOMMON                            79       79        5       70       1
                stringtext                          700      700        9        E       0
                idataBANK1                          649      649        C        8       0
                idataBANK0                          752      752        4      E12       0

TOTAL           Name                               Link     Load   Length     Space
        CLASS   STACK          

        CLASS   CODE           
                end_init                            1F1      1F1        2         0
                cinit                               1F3      1F3       39         0
                intentry                              4        4      1ED         0
                reset_vec                             0        0        2         0
                text32                              22C      22C      26E         0
                text31                              74D      74D        5         0
                text30                              76E      76E        3         0
                text29                              748      748        5         0
                text28                              76B      76B        3         0
                text27                              75E      75E        4         0
                text26                              768      768        3         0
                text25                              738      738        6         0
                text24                              725      725        7         0
                text23                              71E      71E        7         0
                text21                              63C      63C        D         0
                text20                              62A      62A       12         0
                text19                              743      743        5         0
                text18                              57B      57B       4B         0
                text17                              732      732        6         0
                text16                              717      717        7         0
                text15                              73E      73E        5         0
                text14                              765      765        3         0
                text13                              52E      52E       4D         0
                text12                              5C6      5C6       3E         0
                text11                              75A      75A        4         0
                text10                              756      756        4         0
                text9                               762      762        3         0
                text8                               618      618       12         0
                text7                               710      710        7         0
                text6                               72C      72C        6         0
                text5                               604      604       14         0
                text4                               709      709        7         0
                text3                               685      685        C         0
                text2                               679      679        C         0
                text1                               66D      66D        C         0
                maintext                            49A      49A       94         0
                inittext                            661      661        C         0
                clrtext                             655      655        C         0
                idataBANK1                          649      649        C         0
                idataBANK0                          752      752        4         0

        CLASS   STRCODE        
                stringtext                          700      700        9         0

        CLASS   STRING         

        CLASS   CONST          

        CLASS   ENTRY          

        CLASS   COMMON         
                cstackCOMMON                         70       70        9         1
                bssCOMMON                            79       79        5         1

        CLASS   BANK0          
                cstackBANK0                          45       45       16         1
                dataBANK0                            5B       5B        4         1
                bssBANK0                             20       20       25         1

        CLASS   BANK1          
                cstackBANK1                          AC       AC        A         1
                dataBANK1                            A0       A0        C         1

        CLASS   BANK2          

        CLASS   BANK3          

        CLASS   BANK4          

        CLASS   BANK5          

        CLASS   BANK6          

        CLASS   BIGRAM         

        CLASS   RAM            

        CLASS   ABS1           
                abs_s1                               7E       7E        2         1
                abs_s1                              240      240       30         1
                abs_s1                              2A0      2A0       50         1
                abs_s1                              320      320       10         1
                abs_s1                             2160     2160        0         1

        CLASS   SFR0           

        CLASS   SFR1           

        CLASS   SFR2           

        CLASS   SFR3           

        CLASS   SFR4           

        CLASS   SFR5           

        CLASS   SFR6           

        CLASS   SFR7           

        CLASS   SFR8           

        CLASS   SFR9           

        CLASS   SFR10          

        CLASS   SFR11          

        CLASS   SFR12          

        CLASS   SFR13          

        CLASS   SFR14          

        CLASS   SFR15          

        CLASS   SFR16          

        CLASS   SFR17          

        CLASS   SFR18          

        CLASS   SFR19          

        CLASS   SFR20          

        CLASS   SFR21          

        CLASS   SFR22          

        CLASS   SFR23          

        CLASS   SFR24          

        CLASS   SFR25          

        CLASS   SFR26          

        CLASS   SFR27          

        CLASS   SFR28          

        CLASS   SFR29          

        CLASS   SFR30          

        CLASS   SFR31          

        CLASS   CONFIG         
                config                             8007     8007        2         0

        CLASS   IDLOC          

        CLASS   BANK31         

        CLASS   BANK30         

        CLASS   BANK29         

        CLASS   BANK28         

        CLASS   BANK27         

        CLASS   BANK26         

        CLASS   BANK25         

        CLASS   BANK24         

        CLASS   BANK23         

        CLASS   BANK22         

        CLASS   BANK21         

        CLASS   BANK20         

        CLASS   BANK19         

        CLASS   BANK18         

        CLASS   BANK17         

        CLASS   BANK16         

        CLASS   BANK15         

        CLASS   BANK14         

        CLASS   BANK13         

        CLASS   BANK12         

        CLASS   BANK11         

        CLASS   BANK10         

        CLASS   BANK9          

        CLASS   BANK8          

        CLASS   BANK7          

        CLASS   EEDATA         



SEGMENTS        Name                           Load    Length   Top    Selector   Space  Class     Delta

                reset_vec                      000000  000002  000002         0       0  CODE        2
                intentry                       000004  00068D  000691         8       0  CODE        2
                bssBANK0                       000020  00003F  00005F        20       1  BANK0       1
                cstackCOMMON                   000070  00000E  00007E        70       1  COMMON      1
                dataBANK1                      0000A0  000016  0000B6        A0       1  BANK1       1
                stringtext                     000700  000009  000709         E       0  STRCODE     2
                text4                          000709  000068  000771       E12       0  CODE        2
                config                         008007  000002  008009     1000E       0  CONFIG      2


UNUSED ADDRESS RANGES

        Name                Unused          Largest block    Delta
        BANK0            0005F-0006F              11           1
        BANK1            000B6-000EF              3A           1
        BANK2            00120-0016F              50           1
        BANK3            001A0-001EF              50           1
        BANK4            00220-0023F              20           1
        BIGRAM           02000-021EF             1F0           1
        CODE             00002-00003               2           2
                         00691-006FF              6F
                         00771-00FFF              8F
        CONST            00002-00003               2           2
                         00691-006FF              6F
                         00771-00FFF             100
        ENTRY            00002-00003               2           2
                         00691-006FF              6F
                         00771-00FFF             100
        IDLOC            08000-08003               4           2
        RAM              0005F-0006F              11           1
                         000B6-000EF              3A
                         00120-0016F              50
                         001A0-001EF              50
                         00220-0023F              20
        SFR0             00000-0001F              20           1
        SFR1             00080-0009F              20           1
        SFR10            00500-0056F              70           1
        SFR11            00580-005EF              70           1
        SFR12            00600-0066F              70           1
        SFR13            00680-006EF              70           1
        SFR14            00700-0076F              70           1
        SFR15            00780-007EF              70           1
        SFR16            00800-0086F              70           1
        SFR17            00880-008EF              70           1
        SFR18            00900-0096F              70           1
        SFR19            00980-009EF              70           1
        SFR2             00100-0011F              20           1
        SFR20            00A00-00A6F              70           1
        SFR21            00A80-00AEF              70           1
        SFR22            00B00-00B6F              70           1
        SFR23            00B80-00BEF              70           1
        SFR24            00C00-00C6F              70           1
        SFR25            00C80-00CEF              70           1
        SFR26            00D00-00D6F              70           1
        SFR27            00D80-00DEF              70           1
        SFR28            00E00-00E6F              70           1
        SFR29            00E80-00EEF              70           1
        SFR3             00180-0019F              20           1
        SFR30            00F00-00F6F              70           1
        SFR31            00F80-00FEF              70           1
        SFR4             00200-0021F              20           1
        SFR5             00280-0029F              20           1
        SFR6             00300-0031F              20           1
        SFR7             00380-003EF              70           1
        SFR8             00400-0046F              70           1
        SFR9             00480-004EF              70           1
        STACK            02066-0215F              FA           1
        STRCODE          00002-00003               2           2
                         00691-006FF              6F
                         00771-00FFF             88F
        STRING           00002-00003               2           2
                         00691-006FF              6F
                         00771-00FFF             100

                                  Symbol Table

IRrawToNEC@Invert             cstackCOMMON 00073
IRrawToNEC@NEC                cstackCOMMON 00072
IRrawToNEC@NECtemp            cstackBANK0  00045
IRrawToNEC@Pause              cstackBANK0  00049
IRrawToNEC@Raw                cstackCOMMON 00070
IRrawToNEC@StartBit           cstackBANK0  0004C
IRrawToNEC@first              cstackBANK0  0004A
IRrawToNEC@i                  cstackBANK0  0004B
SendRF@Code                   cstackBANK1  000AC
SendRF@RepeatAmount           cstackBANK0  00057
SendRF@i                      cstackBANK1  000AD
SendRF@size                   cstackBANK0  00056
Set_Timer4@time               cstackCOMMON 00070
Set_Timer6@time               cstackBANK0  00056
UseIRCode@Code                cstackBANK0  0005A
UseIRCode@NEC                 cstackBANK1  000AE
_ANSELC                       (abs)        0018E
_CCP1CONbits                  (abs)        00293
_CCP2CONbits                  (abs)        0029A
_ChannelF                     dataBANK1    000A0
_ConfigureOscillator          text21       0063C
_Enable_IR                    text11       0075A
_HFIOFS                       (abs)        004D0
_INTCONbits                   (abs)        0000B
_IOCCFbits                    (abs)        00399
_IOCCNbits                    (abs)        00398
_IOCCPbits                    (abs)        00397
_IRRawCode                    (abs)        02160
_IR_NEC                       bssBANK0     00041
_IR_New_Code                  bssCOMMON    0007D
_IRrawCodeNum                 bssCOMMON    00079
_IRrawCount                   bssBANK0     00038
_IRrawToNEC                   text32       0022C
_IRreceived                   bssBANK0     0003F
_InitApp                      text20       0062A
_LATC                         (abs)        0010E
_LEDsdone                     dataBANK0    0005D
_OSCCONbits                   (abs)        00099
_OSCSTAT                      (abs)        0009A
_PIE1bits                     (abs)        00091
_PIE2bits                     (abs)        00092
_PIR1bits                     (abs)        00011
_PIR2bits                     (abs)        00012
_PORTC                        (abs)        0000E
_PR2                          (abs)        0001B
_PR4                          (abs)        00416
_PR6                          (abs)        0041D
_RFcodeBit                    bssCOMMON    0007A
_RFcodePlace                  bssCOMMON    0007B
_RFsendCode                   bssBANK0     00020
_RFsendFlag                   bssCOMMON    0007C
_Reset_Timer1                 text10       00756
_SLRCONCbits                  (abs)        0030E
_SendRF                       text18       0057B
_Sendcount                    bssBANK0     00040
_Sent                         dataBANK0    0005E
_Set_Timer4                   text31       0074D
_Set_Timer6                   text17       00732
_SleepTimer                   bssBANK0     00034
_Start_Timer1                 text30       0076E
_Stop_Timer1                  text9        00762
_T1CONbits                    (abs)        00018
_T2CONbits                    (abs)        0001C
_T4CONbits                    (abs)        00417
_T6CONbits                    (abs)        0041E
_TMR1H                        (abs)        00017
_TMR1L                        (abs)        00016
_TMR1_overflow                bssBANK0     0003A
_TMR2                         (abs)        0001A
_TMR4                         (abs)        00415
_TMR4_overflow                bssBANK0     0003C
_TMR6                         (abs)        0041C
_TRISCbits                    (abs)        0008E
_Timer1Init                   text8        00618
_Timer2Init                   text5        00604
_Timer2OFF                    text6        0072C
_Timer2ON                     text19       00743
_Timer4Init                   text3        00685
_Timer4OFF                    text4        00709
_Timer4ON                     text29       00748
_Timer4Reset                  text28       0076B
_Timer6Init                   text2        00679
_Timer6OFF                    text16       00717
_Timer6ON                     text15       0073E
_Timer6Reset                  text14       00765
_UseIRCode                    text13       0052E
_VREGCONbits                  (abs)        00197
__CFG_BOREN$ON                (abs)        00000
__CFG_BORV$LO                 (abs)        00000
__CFG_CLKOUTEN$OFF            (abs)        00000
__CFG_CP$OFF                  (abs)        00000
__CFG_FCMEN$OFF               (abs)        00000
__CFG_FOSC$INTOSC             (abs)        00000
__CFG_IESO$OFF                (abs)        00000
__CFG_LPBOR$OFF               (abs)        00000
__CFG_LVP$ON                  (abs)        00000
__CFG_MCLRE$ON                (abs)        00000
__CFG_PLLEN$OFF               (abs)        00000
__CFG_PPS1WAY$OFF             (abs)        00000
__CFG_PWRTE$OFF               (abs)        00000
__CFG_STVREN$ON               (abs)        00000
__CFG_WDTE$OFF                (abs)        00000
__CFG_WRT$OFF                 (abs)        00000
__CFG_ZCDDIS$ON               (abs)        00000
__Habs1                       abs1         00000
__Hbank0                      bank0        00000
__Hbank1                      bank1        00000
__Hbank10                     bank10       00000
__Hbank11                     bank11       00000
__Hbank12                     bank12       00000
__Hbank13                     bank13       00000
__Hbank14                     bank14       00000
__Hbank15                     bank15       00000
__Hbank16                     bank16       00000
__Hbank17                     bank17       00000
__Hbank18                     bank18       00000
__Hbank19                     bank19       00000
__Hbank2                      bank2        00000
__Hbank20                     bank20       00000
__Hbank21                     bank21       00000
__Hbank22                     bank22       00000
__Hbank23                     bank23       00000
__Hbank24                     bank24       00000
__Hbank25                     bank25       00000
__Hbank26                     bank26       00000
__Hbank27                     bank27       00000
__Hbank28                     bank28       00000
__Hbank29                     bank29       00000
__Hbank3                      bank3        00000
__Hbank30                     bank30       00000
__Hbank31                     bank31       00000
__Hbank4                      bank4        00000
__Hbank5                      bank5        00000
__Hbank6                      bank6        00000
__Hbank7                      bank7        00000
__Hbank8                      bank8        00000
__Hbank9                      bank9        00000
__Hbigram                     bigram       00000
__HbssBANK0                   bssBANK0     00000
__HbssCOMMON                  bssCOMMON    00000
__Hcinit                      cinit        0022C
__Hclrtext                    clrtext      00000
__Hcode                       code         00000
__Hcommon                     common       00000
__Hconfig                     config       08009
__HcstackBANK0                cstackBANK0  00000
__HcstackBANK1                cstackBANK1  00000
__HcstackCOMMON               cstackCOMMON 00000
__HdataBANK0                  dataBANK0    00000
__HdataBANK1                  dataBANK1    00000
__Heeprom_data                eeprom_data  00000
__Hend_init                   end_init     001F3
__Hfunctab                    functab      00000
__HidataBANK0                 idataBANK0   00000
__HidataBANK1                 idataBANK1   00000
__Hidloc                      idloc        00000
__Hinit                       init         001F1
__Hinittext                   inittext     00000
__Hintentry                   intentry     001F1
__Hmaintext                   maintext     00000
__Hpowerup                    powerup      00000
__Hram                        ram          00000
__Hreset_vec                  reset_vec    00002
__Hsfr0                       sfr0         00000
__Hsfr1                       sfr1         00000
__Hsfr10                      sfr10        00000
__Hsfr11                      sfr11        00000
__Hsfr12                      sfr12        00000
__Hsfr13                      sfr13        00000
__Hsfr14                      sfr14        00000
__Hsfr15                      sfr15        00000
__Hsfr16                      sfr16        00000
__Hsfr17                      sfr17        00000
__Hsfr18                      sfr18        00000
__Hsfr19                      sfr19        00000
__Hsfr2                       sfr2         00000
__Hsfr20                      sfr20        00000
__Hsfr21                      sfr21        00000
__Hsfr22                      sfr22        00000
__Hsfr23                      sfr23        00000
__Hsfr24                      sfr24        00000
__Hsfr25                      sfr25        00000
__Hsfr26                      sfr26        00000
__Hsfr27                      sfr27        00000
__Hsfr28                      sfr28        00000
__Hsfr29                      sfr29        00000
__Hsfr3                       sfr3         00000
__Hsfr30                      sfr30        00000
__Hsfr31                      sfr31        00000
__Hsfr4                       sfr4         00000
__Hsfr5                       sfr5         00000
__Hsfr6                       sfr6         00000
__Hsfr7                       sfr7         00000
__Hsfr8                       sfr8         00000
__Hsfr9                       sfr9         00000
__Hspace_0                    (abs)        08009
__Hspace_1                    (abs)        000B6
__Hspace_2                    (abs)        00000
__Hspace_3                    (abs)        00000
__Hstack                      stack        00000
__Hstrings                    strings      00000
__Hstringtext                 stringtext   00000
__Htext                       text         00000
__Labs1                       abs1         00000
__Lbank0                      bank0        00000
__Lbank1                      bank1        00000
__Lbank10                     bank10       00000
__Lbank11                     bank11       00000
__Lbank12                     bank12       00000
__Lbank13                     bank13       00000
__Lbank14                     bank14       00000
__Lbank15                     bank15       00000
__Lbank16                     bank16       00000
__Lbank17                     bank17       00000
__Lbank18                     bank18       00000
__Lbank19                     bank19       00000
__Lbank2                      bank2        00000
__Lbank20                     bank20       00000
__Lbank21                     bank21       00000
__Lbank22                     bank22       00000
__Lbank23                     bank23       00000
__Lbank24                     bank24       00000
__Lbank25                     bank25       00000
__Lbank26                     bank26       00000
__Lbank27                     bank27       00000
__Lbank28                     bank28       00000
__Lbank29                     bank29       00000
__Lbank3                      bank3        00000
__Lbank30                     bank30       00000
__Lbank31                     bank31       00000
__Lbank4                      bank4        00000
__Lbank5                      bank5        00000
__Lbank6                      bank6        00000
__Lbank7                      bank7        00000
__Lbank8                      bank8        00000
__Lbank9                      bank9        00000
__Lbigram                     bigram       00000
__LbssBANK0                   bssBANK0     00000
__LbssCOMMON                  bssCOMMON    00000
__Lcinit                      cinit        001F3
__Lclrtext                    clrtext      00000
__Lcode                       code         00000
__Lcommon                     common       00000
__Lconfig                     config       08007
__LcstackBANK0                cstackBANK0  00000
__LcstackBANK1                cstackBANK1  00000
__LcstackCOMMON               cstackCOMMON 00000
__LdataBANK0                  dataBANK0    00000
__LdataBANK1                  dataBANK1    00000
__Leeprom_data                eeprom_data  00000
__Lend_init                   end_init     001F1
__Lfunctab                    functab      00000
__LidataBANK0                 idataBANK0   00000
__LidataBANK1                 idataBANK1   00000
__Lidloc                      idloc        00000
__Linit                       init         001F1
__Linittext                   inittext     00000
__Lintentry                   intentry     00004
__Lmaintext                   maintext     00000
__Lpowerup                    powerup      00000
__Lram                        ram          00000
__Lreset_vec                  reset_vec    00000
__Lsfr0                       sfr0         00000
__Lsfr1                       sfr1         00000
__Lsfr10                      sfr10        00000
__Lsfr11                      sfr11        00000
__Lsfr12                      sfr12        00000
__Lsfr13                      sfr13        00000
__Lsfr14                      sfr14        00000
__Lsfr15                      sfr15        00000
__Lsfr16                      sfr16        00000
__Lsfr17                      sfr17        00000
__Lsfr18                      sfr18        00000
__Lsfr19                      sfr19        00000
__Lsfr2                       sfr2         00000
__Lsfr20                      sfr20        00000
__Lsfr21                      sfr21        00000
__Lsfr22                      sfr22        00000
__Lsfr23                      sfr23        00000
__Lsfr24                      sfr24        00000
__Lsfr25                      sfr25        00000
__Lsfr26                      sfr26        00000
__Lsfr27                      sfr27        00000
__Lsfr28                      sfr28        00000
__Lsfr29                      sfr29        00000
__Lsfr3                       sfr3         00000
__Lsfr30                      sfr30        00000
__Lsfr31                      sfr31        00000
__Lsfr4                       sfr4         00000
__Lsfr5                       sfr5         00000
__Lsfr6                       sfr6         00000
__Lsfr7                       sfr7         00000
__Lsfr8                       sfr8         00000
__Lsfr9                       sfr9         00000
__Lspace_0                    (abs)        00000
__Lspace_1                    (abs)        00000
__Lspace_2                    (abs)        00000
__Lspace_3                    (abs)        00000
__Lstack                      stack        00000
__Lstrings                    strings      00000
__Lstringtext                 stringtext   00000
__Ltext                       text         00000
__S0                          (abs)        08009
__S1                          (abs)        000B6
__S2                          (abs)        00000
___int_sp                     stack        00000
___latbits                    (abs)        00001
___sp                         stack        00000
__end_of_ConfigureOscillator  text21       00649
__end_of_Enable_IR            text11       0075E
__end_of_IRrawToNEC           text32       0049A
__end_of_InitApp              text20       0063C
__end_of_Reset_Timer1         text10       0075A
__end_of_SendRF               text18       005C6
__end_of_Set_Timer4           text31       00752
__end_of_Set_Timer6           text17       00738
__end_of_Start_Timer1         text30       00771
__end_of_Stop_Timer1          text9        00765
__end_of_Timer1Init           text8        0062A
__end_of_Timer2Init           text5        00618
__end_of_Timer2OFF            text6        00732
__end_of_Timer2ON             text19       00748
__end_of_Timer4Init           text3        00691
__end_of_Timer4OFF            text4        00710
__end_of_Timer4ON             text29       0074D
__end_of_Timer4Reset          text28       0076E
__end_of_Timer6Init           text2        00685
__end_of_Timer6OFF            text16       0071E
__end_of_Timer6ON             text15       00743
__end_of_Timer6Reset          text14       00768
__end_of_UseIRCode            text13       0057B
__end_of_Version              stringtext   00709
__end_of__initialization      cinit        00229
__end_of_delayUS              text12       00604
__end_of_init_IR              text7        00717
__end_of_init_Timers          text1        00679
__end_of_isr                  intentry     001F1
__end_of_main                 maintext     0052E
__end_ofi1_Reset_Timer1       text27       00762
__end_ofi1_Stop_Timer1        text26       0076B
__end_ofi1_Timer2OFF          text25       0073E
__end_ofi1_Timer4OFF          text24       0072C
__end_ofi1_Timer6OFF          text23       00725
__initialization              cinit        001F3
__pbssBANK0                   bssBANK0     00020
__pbssBIGRAM                  (abs)        02160
__pbssCOMMON                  bssCOMMON    00079
__pcstackBANK0                cstackBANK0  00045
__pcstackBANK1                cstackBANK1  000AC
__pcstackCOMMON               cstackCOMMON 00070
__pdataBANK0                  dataBANK0    0005B
__pdataBANK1                  dataBANK1    000A0
__pidataBANK0                 idataBANK0   00752
__pidataBANK1                 idataBANK1   00649
__pintentry                   intentry     00004
__pmaintext                   maintext     0049A
__pstringtext                 stringtext   00700
__ptext1                      text1        0066D
__ptext10                     text10       00756
__ptext11                     text11       0075A
__ptext12                     text12       005C6
__ptext13                     text13       0052E
__ptext14                     text14       00765
__ptext15                     text15       0073E
__ptext16                     text16       00717
__ptext17                     text17       00732
__ptext18                     text18       0057B
__ptext19                     text19       00743
__ptext2                      text2        00679
__ptext20                     text20       0062A
__ptext21                     text21       0063C
__ptext23                     text23       0071E
__ptext24                     text24       00725
__ptext25                     text25       00738
__ptext26                     text26       00768
__ptext27                     text27       0075E
__ptext28                     text28       0076B
__ptext29                     text29       00748
__ptext3                      text3        00685
__ptext30                     text30       0076E
__ptext31                     text31       0074D
__ptext32                     text32       0022C
__ptext4                      text4        00709
__ptext5                      text5        00604
__ptext6                      text6        0072C
__ptext7                      text7        00710
__ptext8                      text8        00618
__ptext9                      text9        00762
__size_of_ConfigureOscillator (abs)        00000
__size_of_Enable_IR           (abs)        00000
__size_of_IRrawToNEC          (abs)        00000
__size_of_InitApp             (abs)        00000
__size_of_Reset_Timer1        (abs)        00000
__size_of_SendRF              (abs)        00000
__size_of_Set_Timer4          (abs)        00000
__size_of_Set_Timer6          (abs)        00000
__size_of_Start_Timer1        (abs)        00000
__size_of_Stop_Timer1         (abs)        00000
__size_of_Timer1Init          (abs)        00000
__size_of_Timer2Init          (abs)        00000
__size_of_Timer2OFF           (abs)        00000
__size_of_Timer2ON            (abs)        00000
__size_of_Timer4Init          (abs)        00000
__size_of_Timer4OFF           (abs)        00000
__size_of_Timer4ON            (abs)        00000
__size_of_Timer4Reset         (abs)        00000
__size_of_Timer6Init          (abs)        00000
__size_of_Timer6OFF           (abs)        00000
__size_of_Timer6ON            (abs)        00000
__size_of_Timer6Reset         (abs)        00000
__size_of_UseIRCode           (abs)        00000
__size_of_delayUS             (abs)        00000
__size_of_init_IR             (abs)        00000
__size_of_init_Timers         (abs)        00000
__size_of_isr                 (abs)        00000
__size_of_main                (abs)        00000
__size_ofi1_Reset_Timer1      (abs)        00000
__size_ofi1_Stop_Timer1       (abs)        00000
__size_ofi1_Timer2OFF         (abs)        00000
__size_ofi1_Timer4OFF         (abs)        00000
__size_ofi1_Timer6OFF         (abs)        00000
_delayUS                      text12       005C6
_init_IR                      text7        00710
_init_Timers                  text1        0066D
_isr                          intentry     00004
_main                         maintext     0049A
btemp                         (abs)        0007E
clear_ram0                    clrtext      00655
delayUS@US                    cstackBANK0  00056
delayUS@i                     cstackBANK1  000AC
delayUS@j                     cstackBANK1  000B0
end_of_initialization         cinit        00229
i1_Reset_Timer1               text27       0075E
i1_Stop_Timer1                text26       00768
i1_Timer2OFF                  text25       00738
i1_Timer4OFF                  text24       00725
i1_Timer6OFF                  text23       0071E
init_ram                      inittext     00661
intlevel0                     functab      00000
intlevel1                     functab      00000
intlevel2                     functab      00000
intlevel3                     functab      00000
intlevel4                     functab      00000
intlevel5                     functab      00000
ltemp                         (abs)        0007E
ltemp0                        (abs)        0007E
ltemp1                        (abs)        00082
ltemp2                        (abs)        00086
ltemp3                        (abs)        00080
main@i                        cstackBANK1  000B5
reset_vec                     reset_vec    00000
stackhi                       (abs)        0215F
stacklo                       (abs)        02066
start                         init         001F1
start_initialization          cinit        001F3
ttemp                         (abs)        0007E
ttemp0                        (abs)        0007E
ttemp1                        (abs)        00081
ttemp2                        (abs)        00084
ttemp3                        (abs)        00087
ttemp4                        (abs)        0007F
wtemp                         (abs)        0007E
wtemp0                        (abs)        0007E
wtemp1                        (abs)        00080
wtemp2                        (abs)        00082
wtemp3                        (abs)        00084
wtemp4                        (abs)        00086
wtemp5                        (abs)        00088
wtemp6                        (abs)        0007F


FUNCTION INFORMATION:

 *************** function _main *****************
 Defined at:
		line 51 in file "main.c"
 Parameters:    Size  Location     Type
		None
 Auto vars:     Size  Location     Type
  i               1    9[BANK1 ] unsigned char 
 Return value:  Size  Location     Type
		None               void
 Registers used:
		wreg, fsr1l, fsr1h, status,2, status,0, pclath, cstack
 Tracked objects:
		On entry : 
		On exit  : 
		Unchanged: 
 Data sizes:     COMMON   BANK0   BANK1   BANK2   BANK3   BANK4   BANK5   BANK6
      Params:         0       0       0       0       0       0       0       0
      Locals:         0       0       1       0       0       0       0       0
      Temps:          0       0       1       0       0       0       0       0
      Totals:         0       0       2       0       0       0       0       0
Total ram usage:        2 bytes
 Hardware stack levels required when called:    5
 This function calls:
		_ConfigureOscillator
		_InitApp
		_UseIRCode
		_delayUS
		_init_IR
		_init_Timers
 This function is called by:
		Startup code after reset
 This function uses a non-reentrant model


 *************** function _init_Timers *****************
 Defined at:
		line 48 in file "Timer.c"
 Parameters:    Size  Location     Type
		None
 Auto vars:     Size  Location     Type
		None
 Return value:  Size  Location     Type
		None               void
 Registers used:
		wreg, status,2, status,0, pclath, cstack
 Tracked objects:
		On entry : 
		On exit  : 
		Unchanged: 
 Data sizes:     COMMON   BANK0   BANK1   BANK2   BANK3   BANK4   BANK5   BANK6
      Params:         0       0       0       0       0       0       0       0
      Locals:         0       0       0       0       0       0       0       0
      Temps:          0       0       0       0       0       0       0       0
      Totals:         0       0       0       0       0       0       0       0
Total ram usage:        0 bytes
 Hardware stack levels used:    1
 Hardware stack levels required when called:    4
 This function calls:
		_Timer1Init
		_Timer2Init
		_Timer4Init
		_Timer6Init
 This function is called by:
		_main
 This function uses a non-reentrant model


 *************** function _Timer6Init *****************
 Defined at:
		line 229 in file "Timer.c"
 Parameters:    Size  Location     Type
		None
 Auto vars:     Size  Location     Type
		None
 Return value:  Size  Location     Type
		None               void
 Registers used:
		wreg, status,2, status,0, pclath, cstack
 Tracked objects:
		On entry : 
		On exit  : 
		Unchanged: 
 Data sizes:     COMMON   BANK0   BANK1   BANK2   BANK3   BANK4   BANK5   BANK6
      Params:         0       0       0       0       0       0       0       0
      Locals:         0       0       0       0       0       0       0       0
      Temps:          0       0       0       0       0       0       0       0
      Totals:         0       0       0       0       0       0       0       0
Total ram usage:        0 bytes
 Hardware stack levels used:    1
 Hardware stack levels required when called:    3
 This function calls:
		_Timer6OFF
 This function is called by:
		_init_Timers
 This function uses a non-reentrant model


 *************** function _Timer4Init *****************
 Defined at:
		line 165 in file "Timer.c"
 Parameters:    Size  Location     Type
		None
 Auto vars:     Size  Location     Type
		None
 Return value:  Size  Location     Type
		None               void
 Registers used:
		wreg, status,2, status,0, pclath, cstack
 Tracked objects:
		On entry : 
		On exit  : 
		Unchanged: 
 Data sizes:     COMMON   BANK0   BANK1   BANK2   BANK3   BANK4   BANK5   BANK6
      Params:         0       0       0       0       0       0       0       0
      Locals:         0       0       0       0       0       0       0       0
      Temps:          0       0       0       0       0       0       0       0
      Totals:         0       0       0       0       0       0       0       0
Total ram usage:        0 bytes
 Hardware stack levels used:    1
 Hardware stack levels required when called:    3
 This function calls:
		_Timer4OFF
 This function is called by:
		_init_Timers
 This function uses a non-reentrant model


 *************** function _Timer4OFF *****************
 Defined at:
		line 197 in file "Timer.c"
 Parameters:    Size  Location     Type
		None
 Auto vars:     Size  Location     Type
		None
 Return value:  Size  Location     Type
		None               void
 Registers used:
		None
 Tracked objects:
		On entry : 
		On exit  : 
		Unchanged: 
 Data sizes:     COMMON   BANK0   BANK1   BANK2   BANK3   BANK4   BANK5   BANK6
      Params:         0       0       0       0       0       0       0       0
      Locals:         0       0       0       0       0       0       0       0
      Temps:          0       0       0       0       0       0       0       0
      Totals:         0       0       0       0       0       0       0       0
Total ram usage:        0 bytes
 Hardware stack levels used:    1
 Hardware stack levels required when called:    2
 This function calls:
		Nothing
 This function is called by:
		_Timer4Init
 This function uses a non-reentrant model


 *************** function _Timer2Init *****************
 Defined at:
		line 119 in file "Timer.c"
 Parameters:    Size  Location     Type
		None
 Auto vars:     Size  Location     Type
		None
 Return value:  Size  Location     Type
		None               void
 Registers used:
		wreg, status,2, status,0, pclath, cstack
 Tracked objects:
		On entry : 
		On exit  : 
		Unchanged: 
 Data sizes:     COMMON   BANK0   BANK1   BANK2   BANK3   BANK4   BANK5   BANK6
      Params:         0       0       0       0       0       0       0       0
      Locals:         0       0       0       0       0       0       0       0
      Temps:          0       0       0       0       0       0       0       0
      Totals:         0       0       0       0       0       0       0       0
Total ram usage:        0 bytes
 Hardware stack levels used:    1
 Hardware stack levels required when called:    3
 This function calls:
		_Timer2OFF
 This function is called by:
		_init_Timers
 This function uses a non-reentrant model


 *************** function _Timer2OFF *****************
 Defined at:
		line 153 in file "Timer.c"
 Parameters:    Size  Location     Type
		None
 Auto vars:     Size  Location     Type
		None
 Return value:  Size  Location     Type
		None               void
 Registers used:
		None
 Tracked objects:
		On entry : 
		On exit  : 
		Unchanged: 
 Data sizes:     COMMON   BANK0   BANK1   BANK2   BANK3   BANK4   BANK5   BANK6
      Params:         0       0       0       0       0       0       0       0
      Locals:         0       0       0       0       0       0       0       0
      Temps:          0       0       0       0       0       0       0       0
      Totals:         0       0       0       0       0       0       0       0
Total ram usage:        0 bytes
 Hardware stack levels used:    1
 Hardware stack levels required when called:    2
 This function calls:
		Nothing
 This function is called by:
		_Timer2Init
 This function uses a non-reentrant model


 *************** function _init_IR *****************
 Defined at:
		line 67 in file "IR.c"
 Parameters:    Size  Location     Type
		None
 Auto vars:     Size  Location     Type
		None
 Return value:  Size  Location     Type
		None               void
 Registers used:
		wreg, status,2, status,0, pclath, cstack
 Tracked objects:
		On entry : 
		On exit  : 
		Unchanged: 
 Data sizes:     COMMON   BANK0   BANK1   BANK2   BANK3   BANK4   BANK5   BANK6
      Params:         0       0       0       0       0       0       0       0
      Locals:         0       0       0       0       0       0       0       0
      Temps:          0       0       0       0       0       0       0       0
      Totals:         0       0       0       0       0       0       0       0
Total ram usage:        0 bytes
 Hardware stack levels used:    1
 Hardware stack levels required when called:    4
 This function calls:
		_Enable_IR
		_Timer1Init
 This function is called by:
		_main
 This function uses a non-reentrant model


 *************** function _Timer1Init *****************
 Defined at:
		line 61 in file "Timer.c"
 Parameters:    Size  Location     Type
		None
 Auto vars:     Size  Location     Type
		None
 Return value:  Size  Location     Type
		None               void
 Registers used:
		wreg, status,2, status,0, pclath, cstack
 Tracked objects:
		On entry : 
		On exit  : 
		Unchanged: 
 Data sizes:     COMMON   BANK0   BANK1   BANK2   BANK3   BANK4   BANK5   BANK6
      Params:         0       0       0       0       0       0       0       0
      Locals:         0       0       0       0       0       0       0       0
      Temps:          0       0       0       0       0       0       0       0
      Totals:         0       0       0       0       0       0       0       0
Total ram usage:        0 bytes
 Hardware stack levels used:    1
 Hardware stack levels required when called:    3
 This function calls:
		_Reset_Timer1
		_Stop_Timer1
 This function is called by:
		_init_Timers
		_init_IR
 This function uses a non-reentrant model


 *************** function _Stop_Timer1 *****************
 Defined at:
		line 81 in file "Timer.c"
 Parameters:    Size  Location     Type
		None
 Auto vars:     Size  Location     Type
		None
 Return value:  Size  Location     Type
		None               void
 Registers used:
		None
 Tracked objects:
		On entry : 
		On exit  : 
		Unchanged: 
 Data sizes:     COMMON   BANK0   BANK1   BANK2   BANK3   BANK4   BANK5   BANK6
      Params:         0       0       0       0       0       0       0       0
      Locals:         0       0       0       0       0       0       0       0
      Temps:          0       0       0       0       0       0       0       0
      Totals:         0       0       0       0       0       0       0       0
Total ram usage:        0 bytes
 Hardware stack levels used:    1
 Hardware stack levels required when called:    2
 This function calls:
		Nothing
 This function is called by:
		_Timer1Init
 This function uses a non-reentrant model


 *************** function _Reset_Timer1 *****************
 Defined at:
		line 103 in file "Timer.c"
 Parameters:    Size  Location     Type
		None
 Auto vars:     Size  Location     Type
		None
 Return value:  Size  Location     Type
		None               void
 Registers used:
		status,2
 Tracked objects:
		On entry : 
		On exit  : 
		Unchanged: 
 Data sizes:     COMMON   BANK0   BANK1   BANK2   BANK3   BANK4   BANK5   BANK6
      Params:         0       0       0       0       0       0       0       0
      Locals:         0       0       0       0       0       0       0       0
      Temps:          0       0       0       0       0       0       0       0
      Totals:         0       0       0       0       0       0       0       0
Total ram usage:        0 bytes
 Hardware stack levels used:    1
 Hardware stack levels required when called:    2
 This function calls:
		Nothing
 This function is called by:
		_Timer1Init
 This function uses a non-reentrant model


 *************** function _Enable_IR *****************
 Defined at:
		line 80 in file "IR.c"
 Parameters:    Size  Location     Type
		None
 Auto vars:     Size  Location     Type
		None
 Return value:  Size  Location     Type
		None               void
 Registers used:
		None
 Tracked objects:
		On entry : 
		On exit  : 
		Unchanged: 
 Data sizes:     COMMON   BANK0   BANK1   BANK2   BANK3   BANK4   BANK5   BANK6
      Params:         0       0       0       0       0       0       0       0
      Locals:         0       0       0       0       0       0       0       0
      Temps:          0       0       0       0       0       0       0       0
      Totals:         0       0       0       0       0       0       0       0
Total ram usage:        0 bytes
 Hardware stack levels used:    1
 Hardware stack levels required when called:    2
 This function calls:
		Nothing
 This function is called by:
		_init_IR
 This function uses a non-reentrant model


 *************** function _delayUS *****************
 Defined at:
		line 50 in file "MISC.c"
 Parameters:    Size  Location     Type
  US              4   17[BANK0 ] long 
 Auto vars:     Size  Location     Type
  i               4    0[BANK1 ] long 
  j               1    4[BANK1 ] unsigned char 
 Return value:  Size  Location     Type
		None               void
 Registers used:
		wreg, status,2, status,0
 Tracked objects:
		On entry : 
		On exit  : 
		Unchanged: 
 Data sizes:     COMMON   BANK0   BANK1   BANK2   BANK3   BANK4   BANK5   BANK6
      Params:         0       4       0       0       0       0       0       0
      Locals:         0       0       5       0       0       0       0       0
      Temps:          0       1       0       0       0       0       0       0
      Totals:         0       5       5       0       0       0       0       0
Total ram usage:       10 bytes
 Hardware stack levels used:    1
 Hardware stack levels required when called:    2
 This function calls:
		Nothing
 This function is called by:
		_main
 This function uses a non-reentrant model


 *************** function _UseIRCode *****************
 Defined at:
		line 282 in file "IR.c"
 Parameters:    Size  Location     Type
  Code            1    wreg     PTR unsigned char 
		 -> IR_New_Code(1), 
  NEC             4    2[BANK1 ] unsigned long 
 Auto vars:     Size  Location     Type
  Code            1   21[BANK0 ] PTR unsigned char 
		 -> IR_New_Code(1), 
 Return value:  Size  Location     Type
		None               void
 Registers used:
		wreg, fsr1l, fsr1h, status,2, status,0, pclath, cstack
 Tracked objects:
		On entry : 
		On exit  : 
		Unchanged: 
 Data sizes:     COMMON   BANK0   BANK1   BANK2   BANK3   BANK4   BANK5   BANK6
      Params:         0       0       4       0       0       0       0       0
      Locals:         0       1       0       0       0       0       0       0
      Temps:          0       0       2       0       0       0       0       0
      Totals:         0       1       6       0       0       0       0       0
Total ram usage:        7 bytes
 Hardware stack levels used:    1
 Hardware stack levels required when called:    4
 This function calls:
		_SendRF
		_Set_Timer6
		_Timer6OFF
		_Timer6ON
		_Timer6Reset
 This function is called by:
		_main
 This function uses a non-reentrant model


 *************** function _Timer6Reset *****************
 Defined at:
		line 273 in file "Timer.c"
 Parameters:    Size  Location     Type
		None
 Auto vars:     Size  Location     Type
		None
 Return value:  Size  Location     Type
		None               void
 Registers used:
		status,2
 Tracked objects:
		On entry : 
		On exit  : 
		Unchanged: 
 Data sizes:     COMMON   BANK0   BANK1   BANK2   BANK3   BANK4   BANK5   BANK6
      Params:         0       0       0       0       0       0       0       0
      Locals:         0       0       0       0       0       0       0       0
      Temps:          0       0       0       0       0       0       0       0
      Totals:         0       0       0       0       0       0       0       0
Total ram usage:        0 bytes
 Hardware stack levels used:    1
 Hardware stack levels required when called:    2
 This function calls:
		Nothing
 This function is called by:
		_UseIRCode
 This function uses a non-reentrant model


 *************** function _Timer6ON *****************
 Defined at:
		line 250 in file "Timer.c"
 Parameters:    Size  Location     Type
		None
 Auto vars:     Size  Location     Type
		None
 Return value:  Size  Location     Type
		None               void
 Registers used:
		None
 Tracked objects:
		On entry : 
		On exit  : 
		Unchanged: 
 Data sizes:     COMMON   BANK0   BANK1   BANK2   BANK3   BANK4   BANK5   BANK6
      Params:         0       0       0       0       0       0       0       0
      Locals:         0       0       0       0       0       0       0       0
      Temps:          0       0       0       0       0       0       0       0
      Totals:         0       0       0       0       0       0       0       0
Total ram usage:        0 bytes
 Hardware stack levels used:    1
 Hardware stack levels required when called:    2
 This function calls:
		Nothing
 This function is called by:
		_UseIRCode
 This function uses a non-reentrant model


 *************** function _Timer6OFF *****************
 Defined at:
		line 261 in file "Timer.c"
 Parameters:    Size  Location     Type
		None
 Auto vars:     Size  Location     Type
		None
 Return value:  Size  Location     Type
		None               void
 Registers used:
		None
 Tracked objects:
		On entry : 
		On exit  : 
		Unchanged: 
 Data sizes:     COMMON   BANK0   BANK1   BANK2   BANK3   BANK4   BANK5   BANK6
      Params:         0       0       0       0       0       0       0       0
      Locals:         0       0       0       0       0       0       0       0
      Temps:          0       0       0       0       0       0       0       0
      Totals:         0       0       0       0       0       0       0       0
Total ram usage:        0 bytes
 Hardware stack levels used:    1
 Hardware stack levels required when called:    2
 This function calls:
		Nothing
 This function is called by:
		_Timer6Init
		_UseIRCode
 This function uses a non-reentrant model


 *************** function _Set_Timer6 *****************
 Defined at:
		line 283 in file "Timer.c"
 Parameters:    Size  Location     Type
  time            1    wreg     unsigned char 
 Auto vars:     Size  Location     Type
  time            1   17[BANK0 ] unsigned char 
 Return value:  Size  Location     Type
		None               void
 Registers used:
		wreg
 Tracked objects:
		On entry : 
		On exit  : 
		Unchanged: 
 Data sizes:     COMMON   BANK0   BANK1   BANK2   BANK3   BANK4   BANK5   BANK6
      Params:         0       0       0       0       0       0       0       0
      Locals:         0       1       0       0       0       0       0       0
      Temps:          0       0       0       0       0       0       0       0
      Totals:         0       1       0       0       0       0       0       0
Total ram usage:        1 bytes
 Hardware stack levels used:    1
 Hardware stack levels required when called:    2
 This function calls:
		Nothing
 This function is called by:
		_UseIRCode
 This function uses a non-reentrant model


 *************** function _SendRF *****************
 Defined at:
		line 56 in file "RF.c"
 Parameters:    Size  Location     Type
  Code            1    wreg     PTR unsigned char 
		 -> ChannelF(12), 
  size            1   17[BANK0 ] unsigned char 
  RepeatAmount    1   18[BANK0 ] unsigned char 
 Auto vars:     Size  Location     Type
  Code            1    0[BANK1 ] PTR unsigned char 
		 -> ChannelF(12), 
  i               1    1[BANK1 ] unsigned char 
 Return value:  Size  Location     Type
                  1    wreg      unsigned char 
 Registers used:
		wreg, fsr1l, fsr1h, status,2, status,0, pclath, cstack
 Tracked objects:
		On entry : 
		On exit  : 
		Unchanged: 
 Data sizes:     COMMON   BANK0   BANK1   BANK2   BANK3   BANK4   BANK5   BANK6
      Params:         0       2       0       0       0       0       0       0
      Locals:         0       0       2       0       0       0       0       0
      Temps:          0       2       0       0       0       0       0       0
      Totals:         0       4       2       0       0       0       0       0
Total ram usage:        6 bytes
 Hardware stack levels used:    1
 Hardware stack levels required when called:    3
 This function calls:
		_Timer2ON
 This function is called by:
		_UseIRCode
		_SendRF_wait
 This function uses a non-reentrant model


 *************** function _Timer2ON *****************
 Defined at:
		line 142 in file "Timer.c"
 Parameters:    Size  Location     Type
		None
 Auto vars:     Size  Location     Type
		None
 Return value:  Size  Location     Type
		None               void
 Registers used:
		None
 Tracked objects:
		On entry : 
		On exit  : 
		Unchanged: 
 Data sizes:     COMMON   BANK0   BANK1   BANK2   BANK3   BANK4   BANK5   BANK6
      Params:         0       0       0       0       0       0       0       0
      Locals:         0       0       0       0       0       0       0       0
      Temps:          0       0       0       0       0       0       0       0
      Totals:         0       0       0       0       0       0       0       0
Total ram usage:        0 bytes
 Hardware stack levels used:    1
 Hardware stack levels required when called:    2
 This function calls:
		Nothing
 This function is called by:
		_SendRF
 This function uses a non-reentrant model


 *************** function _InitApp *****************
 Defined at:
		line 55 in file "user.c"
 Parameters:    Size  Location     Type
		None
 Auto vars:     Size  Location     Type
		None
 Return value:  Size  Location     Type
		None               void
 Registers used:
		status,2
 Tracked objects:
		On entry : 
		On exit  : 
		Unchanged: 
 Data sizes:     COMMON   BANK0   BANK1   BANK2   BANK3   BANK4   BANK5   BANK6
      Params:         0       0       0       0       0       0       0       0
      Locals:         0       0       0       0       0       0       0       0
      Temps:          0       0       0       0       0       0       0       0
      Totals:         0       0       0       0       0       0       0       0
Total ram usage:        0 bytes
 Hardware stack levels used:    1
 Hardware stack levels required when called:    2
 This function calls:
		Nothing
 This function is called by:
		_main
 This function uses a non-reentrant model


 *************** function _ConfigureOscillator *****************
 Defined at:
		line 48 in file "system.c"
 Parameters:    Size  Location     Type
		None
 Auto vars:     Size  Location     Type
		None
 Return value:  Size  Location     Type
		None               void
 Registers used:
		wreg, status,2, status,0
 Tracked objects:
		On entry : 
		On exit  : 
		Unchanged: 
 Data sizes:     COMMON   BANK0   BANK1   BANK2   BANK3   BANK4   BANK5   BANK6
      Params:         0       0       0       0       0       0       0       0
      Locals:         0       0       0       0       0       0       0       0
      Temps:          0       0       0       0       0       0       0       0
      Totals:         0       0       0       0       0       0       0       0
Total ram usage:        0 bytes
 Hardware stack levels used:    1
 Hardware stack levels required when called:    2
 This function calls:
		Nothing
 This function is called by:
		_main
 This function uses a non-reentrant model


 *************** function _isr *****************
 Defined at:
		line 60 in file "interrupts.c"
 Parameters:    Size  Location     Type
		None
 Auto vars:     Size  Location     Type
		None
 Return value:  Size  Location     Type
		None               void
 Registers used:
		wreg, fsr1l, fsr1h, status,2, status,0, pclath, cstack
 Tracked objects:
		On entry : 
		On exit  : 
		Unchanged: 
 Data sizes:     COMMON   BANK0   BANK1   BANK2   BANK3   BANK4   BANK5   BANK6
      Params:         0       0       0       0       0       0       0       0
      Locals:         0       0       0       0       0       0       0       0
      Temps:          0       9       0       0       0       0       0       0
      Totals:         0       9       0       0       0       0       0       0
Total ram usage:        9 bytes
 Hardware stack levels used:    1
 Hardware stack levels required when called:    1
 This function calls:
		_IRrawToNEC
		_Set_Timer4
		_Start_Timer1
		_Timer4ON
		_Timer4Reset
		i1_Reset_Timer1
		i1_Stop_Timer1
		i1_Timer2OFF
		i1_Timer4OFF
		i1_Timer6OFF
 This function is called by:
		Interrupt level 1
 This function uses a non-reentrant model


 *************** function i1_Timer6OFF *****************
 Defined at:
		line 261 in file "Timer.c"
 Parameters:    Size  Location     Type
		None
 Auto vars:     Size  Location     Type
		None
 Return value:  Size  Location     Type
		None               void
 Registers used:
		None
 Tracked objects:
		On entry : 
		On exit  : 
		Unchanged: 
 Data sizes:     COMMON   BANK0   BANK1   BANK2   BANK3   BANK4   BANK5   BANK6
      Params:         0       0       0       0       0       0       0       0
      Locals:         0       0       0       0       0       0       0       0
      Temps:          0       0       0       0       0       0       0       0
      Totals:         0       0       0       0       0       0       0       0
Total ram usage:        0 bytes
 Hardware stack levels used:    1
 This function calls:
		Nothing
 This function is called by:
		_isr
 This function uses a non-reentrant model


 *************** function i1_Timer4OFF *****************
 Defined at:
		line 197 in file "Timer.c"
 Parameters:    Size  Location     Type
		None
 Auto vars:     Size  Location     Type
		None
 Return value:  Size  Location     Type
		None               void
 Registers used:
		None
 Tracked objects:
		On entry : 
		On exit  : 
		Unchanged: 
 Data sizes:     COMMON   BANK0   BANK1   BANK2   BANK3   BANK4   BANK5   BANK6
      Params:         0       0       0       0       0       0       0       0
      Locals:         0       0       0       0       0       0       0       0
      Temps:          0       0       0       0       0       0       0       0
      Totals:         0       0       0       0       0       0       0       0
Total ram usage:        0 bytes
 Hardware stack levels used:    1
 This function calls:
		Nothing
 This function is called by:
		_isr
 This function uses a non-reentrant model


 *************** function i1_Timer2OFF *****************
 Defined at:
		line 153 in file "Timer.c"
 Parameters:    Size  Location     Type
		None
 Auto vars:     Size  Location     Type
		None
 Return value:  Size  Location     Type
		None               void
 Registers used:
		None
 Tracked objects:
		On entry : 
		On exit  : 
		Unchanged: 
 Data sizes:     COMMON   BANK0   BANK1   BANK2   BANK3   BANK4   BANK5   BANK6
      Params:         0       0       0       0       0       0       0       0
      Locals:         0       0       0       0       0       0       0       0
      Temps:          0       0       0       0       0       0       0       0
      Totals:         0       0       0       0       0       0       0       0
Total ram usage:        0 bytes
 Hardware stack levels used:    1
 This function calls:
		Nothing
 This function is called by:
		_isr
 This function uses a non-reentrant model


 *************** function i1_Stop_Timer1 *****************
 Defined at:
		line 81 in file "Timer.c"
 Parameters:    Size  Location     Type
		None
 Auto vars:     Size  Location     Type
		None
 Return value:  Size  Location     Type
		None               void
 Registers used:
		None
 Tracked objects:
		On entry : 
		On exit  : 
		Unchanged: 
 Data sizes:     COMMON   BANK0   BANK1   BANK2   BANK3   BANK4   BANK5   BANK6
      Params:         0       0       0       0       0       0       0       0
      Locals:         0       0       0       0       0       0       0       0
      Temps:          0       0       0       0       0       0       0       0
      Totals:         0       0       0       0       0       0       0       0
Total ram usage:        0 bytes
 Hardware stack levels used:    1
 This function calls:
		Nothing
 This function is called by:
		_isr
 This function uses a non-reentrant model


 *************** function i1_Reset_Timer1 *****************
 Defined at:
		line 103 in file "Timer.c"
 Parameters:    Size  Location     Type
		None
 Auto vars:     Size  Location     Type
		None
 Return value:  Size  Location     Type
		None               void
 Registers used:
		status,2
 Tracked objects:
		On entry : 
		On exit  : 
		Unchanged: 
 Data sizes:     COMMON   BANK0   BANK1   BANK2   BANK3   BANK4   BANK5   BANK6
      Params:         0       0       0       0       0       0       0       0
      Locals:         0       0       0       0       0       0       0       0
      Temps:          0       0       0       0       0       0       0       0
      Totals:         0       0       0       0       0       0       0       0
Total ram usage:        0 bytes
 Hardware stack levels used:    1
 This function calls:
		Nothing
 This function is called by:
		_isr
 This function uses a non-reentrant model


 *************** function _Timer4Reset *****************
 Defined at:
		line 209 in file "Timer.c"
 Parameters:    Size  Location     Type
		None
 Auto vars:     Size  Location     Type
		None
 Return value:  Size  Location     Type
		None               void
 Registers used:
		status,2
 Tracked objects:
		On entry : 
		On exit  : 
		Unchanged: 
 Data sizes:     COMMON   BANK0   BANK1   BANK2   BANK3   BANK4   BANK5   BANK6
      Params:         0       0       0       0       0       0       0       0
      Locals:         0       0       0       0       0       0       0       0
      Temps:          0       0       0       0       0       0       0       0
      Totals:         0       0       0       0       0       0       0       0
Total ram usage:        0 bytes
 Hardware stack levels used:    1
 This function calls:
		Nothing
 This function is called by:
		_isr
 This function uses a non-reentrant model


 *************** function _Timer4ON *****************
 Defined at:
		line 186 in file "Timer.c"
 Parameters:    Size  Location     Type
		None
 Auto vars:     Size  Location     Type
		None
 Return value:  Size  Location     Type
		None               void
 Registers used:
		None
 Tracked objects:
		On entry : 
		On exit  : 
		Unchanged: 
 Data sizes:     COMMON   BANK0   BANK1   BANK2   BANK3   BANK4   BANK5   BANK6
      Params:         0       0       0       0       0       0       0       0
      Locals:         0       0       0       0       0       0       0       0
      Temps:          0       0       0       0       0       0       0       0
      Totals:         0       0       0       0       0       0       0       0
Total ram usage:        0 bytes
 Hardware stack levels used:    1
 This function calls:
		Nothing
 This function is called by:
		_isr
 This function uses a non-reentrant model


 *************** function _Start_Timer1 *****************
 Defined at:
		line 92 in file "Timer.c"
 Parameters:    Size  Location     Type
		None
 Auto vars:     Size  Location     Type
		None
 Return value:  Size  Location     Type
		None               void
 Registers used:
		None
 Tracked objects:
		On entry : 
		On exit  : 
		Unchanged: 
 Data sizes:     COMMON   BANK0   BANK1   BANK2   BANK3   BANK4   BANK5   BANK6
      Params:         0       0       0       0       0       0       0       0
      Locals:         0       0       0       0       0       0       0       0
      Temps:          0       0       0       0       0       0       0       0
      Totals:         0       0       0       0       0       0       0       0
Total ram usage:        0 bytes
 Hardware stack levels used:    1
 This function calls:
		Nothing
 This function is called by:
		_isr
 This function uses a non-reentrant model


 *************** function _Set_Timer4 *****************
 Defined at:
		line 219 in file "Timer.c"
 Parameters:    Size  Location     Type
  time            1    wreg     unsigned char 
 Auto vars:     Size  Location     Type
  time            1    0[COMMON] unsigned char 
 Return value:  Size  Location     Type
		None               void
 Registers used:
		wreg
 Tracked objects:
		On entry : 
		On exit  : 
		Unchanged: 
 Data sizes:     COMMON   BANK0   BANK1   BANK2   BANK3   BANK4   BANK5   BANK6
      Params:         0       0       0       0       0       0       0       0
      Locals:         1       0       0       0       0       0       0       0
      Temps:          0       0       0       0       0       0       0       0
      Totals:         1       0       0       0       0       0       0       0
Total ram usage:        1 bytes
 Hardware stack levels used:    1
 This function calls:
		Nothing
 This function is called by:
		_isr
 This function uses a non-reentrant model


 *************** function _IRrawToNEC *****************
 Defined at:
		line 124 in file "IR.c"
 Parameters:    Size  Location     Type
  Raw             2    0[COMMON] PTR unsigned int 
		 -> IRRawCode(144), 
  NEC             1    2[COMMON] PTR unsigned long 
		 -> IR_NEC(4), 
  Invert          1    3[COMMON] unsigned char 
 Auto vars:     Size  Location     Type
  NECtemp         4    0[BANK0 ] unsigned long 
  StartBit        1    7[BANK0 ] unsigned char 
  i               1    6[BANK0 ] unsigned char 
  first           1    5[BANK0 ] unsigned char 
  Pause           1    4[BANK0 ] unsigned char 
 Return value:  Size  Location     Type
                  1    wreg      unsigned char 
 Registers used:
		wreg, fsr1l, fsr1h, status,2, status,0
 Tracked objects:
		On entry : 
		On exit  : 
		Unchanged: 
 Data sizes:     COMMON   BANK0   BANK1   BANK2   BANK3   BANK4   BANK5   BANK6
      Params:         4       0       0       0       0       0       0       0
      Locals:         0       8       0       0       0       0       0       0
      Temps:          5       0       0       0       0       0       0       0
      Totals:         9       8       0       0       0       0       0       0
Total ram usage:       17 bytes
 Hardware stack levels used:    1
 This function calls:
		Nothing
 This function is called by:
		_isr
 This function uses a non-reentrant model



MODULE INFORMATION

Module		Function		Class		Link	Load	Size
Timer.c
		_Timer6Init    		CODE           	0679	0000	13
		_Timer6ON      		CODE           	073E	0000	6
		_Timer6OFF     		CODE           	0717	0000	8
		_Reset_Timer1  		CODE           	0756	0000	5
		_Timer6Reset   		CODE           	0765	0000	4
		_Timer1Init    		CODE           	0618	0000	19
		_Timer4Init    		CODE           	0685	0000	13
		_Stop_Timer1   		CODE           	0762	0000	4
		_Timer4ON      		CODE           	0748	0000	6
		_Timer4OFF     		CODE           	0709	0000	8
		_Timer4Reset   		CODE           	076B	0000	4
		_init_Timers   		CODE           	066D	0000	13
		_Timer2Init    		CODE           	0604	0000	21
		_Timer2ON      		CODE           	0743	0000	6
		_Timer2OFF     		CODE           	072C	0000	7
		_Set_Timer4    		CODE           	074D	0000	6
		_Set_Timer6    		CODE           	0732	0000	7
		_Start_Timer1  		CODE           	076E	0000	4

Timer.c estimated size: 154

interrupts.c
		_isr           		CODE           	0004	0000	494

interrupts.c estimated size: 494

RF.c
		_SendRF        		CODE           	057B	0000	76

RF.c estimated size: 76

shared
		i1_Timer2OFF   		CODE           	0738	0000	7
		i1_Timer4OFF   		CODE           	0725	0000	8
		i1_Timer6OFF   		CODE           	071E	0000	8
		i1_Stop_Timer1 		CODE           	0768	0000	4
		i1_Reset_Timer1		CODE           	075E	0000	5
		__initializatio		CODE           	01F3	0000	55
		_Version       		STRCODE        	0000	0000	0

shared estimated size: 87

MISC.c
		_delayUS       		CODE           	05C6	0000	63

MISC.c estimated size: 63

IR.c
		_Enable_IR     		CODE           	075A	0000	5
		_UseIRCode     		CODE           	052E	0000	78
		_IRrawToNEC    		CODE           	022C	0000	623
		_init_IR       		CODE           	0710	0000	8

IR.c estimated size: 714

user.c
		_InitApp       		CODE           	062A	0000	19

user.c estimated size: 19

main.c
		_main          		CODE           	049A	0000	149

main.c estimated size: 149

system.c
		_ConfigureOscil		CODE           	063C	0000	14

system.c estimated size: 14

